/home/centos/test/rogers/Rogers_Trunk/AF_Engine/AF_Service/src/main/java/org/prodapt/raf/exception/MyFileNotFoundException.java
/home/centos/test/rogers/Rogers_Trunk/AF_Engine/AF_Service/src/main/java/org/prodapt/raf/model/FlowDetails.java
/home/centos/test/rogers/Rogers_Trunk/AF_Engine/AF_Service/src/main/java/org/prodapt/raf/dto/Mail.java
/home/centos/test/rogers/Rogers_Trunk/AF_Engine/AF_Service/src/main/java/org/prodapt/raf/exception/OrderDetailsNotfoundException.java
/home/centos/test/rogers/Rogers_Trunk/AF_Engine/AF_Service/src/main/java/org/prodapt/raf/repository/SubOrderRepository.java
/home/centos/test/rogers/Rogers_Trunk/AF_Engine/AF_Service/src/main/java/org/prodapt/raf/controller/MailerController.java
/home/centos/test/rogers/Rogers_Trunk/AF_Engine/AF_Service/src/main/java/org/prodapt/raf/exception/CreationFailException.java
/home/centos/test/rogers/Rogers_Trunk/AF_Engine/AF_Service/src/main/java/org/prodapt/raf/exception/DatabaseException.java
/home/centos/test/rogers/Rogers_Trunk/AF_Engine/AF_Service/src/main/java/org/prodapt/raf/model/BotDetails.java
/home/centos/test/rogers/Rogers_Trunk/AF_Engine/AF_Service/src/main/java/org/prodapt/raf/repository/SchdulerRepository.java
/home/centos/test/rogers/Rogers_Trunk/AF_Engine/AF_Service/src/main/java/org/prodapt/raf/repository/SuiteRepository.java
/home/centos/test/rogers/Rogers_Trunk/AF_Engine/AF_Service/src/main/java/org/prodapt/raf/repository/BotRepository.java
/home/centos/test/rogers/Rogers_Trunk/AF_Engine/AF_Service/src/main/java/org/prodapt/raf/exception/ResourceNotFoundException.java
/home/centos/test/rogers/Rogers_Trunk/AF_Engine/AF_Service/src/main/java/org/prodapt/raf/model/SuiteDetails.java
/home/centos/test/rogers/Rogers_Trunk/AF_Engine/AF_Service/src/main/java/org/prodapt/raf/robot/FlowExecution.java
/home/centos/test/rogers/Rogers_Trunk/AF_Engine/AF_Service/src/main/java/org/prodapt/raf/model/Scheduler.java
/home/centos/test/rogers/Rogers_Trunk/AF_Engine/AF_Service/src/main/java/org/prodapt/raf/model/SubOrderDetails.java
/home/centos/test/rogers/Rogers_Trunk/AF_Engine/AF_Service/src/main/java/org/prodapt/raf/repository/UpdateNextrun.java
/home/centos/test/rogers/Rogers_Trunk/AF_Engine/AF_Service/src/main/java/org/prodapt/raf/repository/OrderRepository.java
/home/centos/test/rogers/Rogers_Trunk/AF_Engine/AF_Service/src/main/java/org/prodapt/raf/service/RafService.java
/home/centos/test/rogers/Rogers_Trunk/AF_Engine/AF_Service/src/main/java/org/prodapt/raf/repository/UpdateDeleteStatusInOrderDetails.java
/home/centos/test/rogers/Rogers_Trunk/AF_Engine/AF_Service/src/main/java/org/prodapt/raf/repository/UpdateScheduleDetails.java
/home/centos/test/rogers/Rogers_Trunk/AF_Engine/AF_Service/src/main/java/org/prodapt/raf/exception/FileStorageException.java
/home/centos/test/rogers/Rogers_Trunk/AF_Engine/AF_Service/src/main/java/org/prodapt/raf/repository/SchdulerUpdateDetailsRepository.java
/home/centos/test/rogers/Rogers_Trunk/AF_Engine/AF_Service/src/main/java/org/prodapt/raf/service/ScheduledOrderJobService.java
/home/centos/test/rogers/Rogers_Trunk/AF_Engine/AF_Service/src/main/java/org/prodapt/raf/controller/RafController.java
/home/centos/test/rogers/Rogers_Trunk/AF_Engine/AF_Service/src/main/java/org/prodapt/raf/repository/UpdateJobIdRepository.java
/home/centos/test/rogers/Rogers_Trunk/AF_Engine/AF_Service/src/main/java/org/prodapt/raf/model/NodeDetails.java
/home/centos/test/rogers/Rogers_Trunk/AF_Engine/AF_Service/src/main/java/org/prodapt/raf/ApplicationConfiguration.java
/home/centos/test/rogers/Rogers_Trunk/AF_Engine/AF_Service/src/main/java/org/prodapt/raf/repository/SchdulerDetailsRepository.java
/home/centos/test/rogers/Rogers_Trunk/AF_Engine/AF_Service/src/main/java/org/prodapt/raf/service/MailerService.java
/home/centos/test/rogers/Rogers_Trunk/AF_Engine/AF_Service/src/main/java/org/prodapt/raf/robot/RobotExecution.java
/home/centos/test/rogers/Rogers_Trunk/AF_Engine/AF_Service/src/main/java/org/prodapt/raf/repository/UpdateOrderDetailsRepository.java
/home/centos/test/rogers/Rogers_Trunk/AF_Engine/AF_Service/src/main/java/org/prodapt/raf/exception/RAFExceptionAdvice.java
/home/centos/test/rogers/Rogers_Trunk/AF_Engine/AF_Service/src/main/java/org/prodapt/raf/model/OrderDetails.java
